ARM Linker, 4.1 [Build 894] [Lite256]

==============================================================================

Section Cross References

    startup_stm32f10x_md.o(RESET) refers to startup_stm32f10x_md.o(STACK) for __initial_sp
    startup_stm32f10x_md.o(RESET) refers to startup_stm32f10x_md.o(.text) for Reset_Handler
    startup_stm32f10x_md.o(RESET) refers to stm32f10x_it.o(.text) for NMI_Handler
    startup_stm32f10x_md.o(RESET) refers to uart1.o(.text) for USART1_IRQHandler
    startup_stm32f10x_md.o(.text) refers to system_stm32f10x.o(.text) for SystemInit
    startup_stm32f10x_md.o(.text) refers to entry.o(.ARM.Collect$$$$00000000) for __main
    main.o(.text) refers to task.o(.text) for TaskInit
    main.o(.text) refers to task.o(.data) for TaskComps
    stm32_ub_led.o(.text) refers to stm32f10x_rcc.o(.text) for RCC_APB2PeriphClockCmd
    stm32_ub_led.o(.text) refers to stm32f10x_gpio.o(.text) for GPIO_Init
    stm32_ub_led.o(.text) refers to stm32_ub_led.o(.data) for .data
    stm32_ub_led.o(.text) refers to stm32_ub_led.o(.text) for UB_Led_On
    stm32f10x_it.o(.text) refers to task.o(.text) for TPCRemarks
    stm32f10x_it.o(.text) refers to task.o(.data) for TaskComps
    task.o(.text) refers to stm32_ub_led.o(.text) for UB_LED_Init
    task.o(.text) refers to tsystick.o(.text) for SystickInit
    task.o(.text) refers to uart1.o(.text) for UART1_Init
    task.o(.text) refers to stm32_ub_iic.o(.text) for IIC_Init
    task.o(.text) refers to stm32_ub_eeprom.o(.text) for AT24CxxTest
    task.o(.text) refers to stm32_ub_pcf8563.o(.text) for PCF8563Init
    task.o(.text) refers to stm32_ub_lcd.o(.text) for Lcd1621Init
    task.o(.text) refers to stm32_ub_button.o(.text) for UB_Button_Init
    task.o(.text) refers to stm32_ub_params.o(.text) for MenuParaInit
    task.o(.data) refers to stm32_ub_led.o(.text) for LED1on
    task.o(.data) refers to stm32_ub_pcf8563.o(.text) for Pcf8536RT
    task.o(.data) refers to stm32_ub_lcd.o(.text) for lcd1621test
    task.o(.data) refers to stm32_ub_button.o(.text) for KeyTest
    task.o(.data) refers to stm32_ub_menu.o(.text) for MenuLcd
    tsystick.o(.text) refers to system_stm32f10x.o(.data) for SystemCoreClock
    stm32_ub_button.o(.text) refers to printf5.o(i.__0printf$5) for __2printf
    stm32_ub_button.o(.text) refers to stm32f10x_rcc.o(.text) for RCC_APB2PeriphClockCmd
    stm32_ub_button.o(.text) refers to stm32f10x_gpio.o(.text) for GPIO_Init
    stm32_ub_button.o(.text) refers to stm32_ub_button.o(.bss) for .bss
    stm32_ub_button.o(.text) refers to stm32_ub_button.o(.data) for .data
    stm32_ub_eeprom.o(.text) refers to stm32_ub_iic.o(.text) for IICWriteBytes
    stm32_ub_eeprom.o(.text) refers to printf5.o(i.__0printf$5) for __2printf
    stm32_ub_eeprom.o(.text) refers to stm32_ub_eeprom.o(.constdata) for .constdata
    stm32_ub_iic.o(.text) refers to stm32f10x_rcc.o(.text) for RCC_APB2PeriphClockCmd
    stm32_ub_iic.o(.text) refers to stm32f10x_gpio.o(.text) for GPIO_Init
    stm32_ub_iic.o(.text) refers to printf5.o(i.__0printf$5) for __2printf
    stm32_ub_pcf8563.o(.text) refers to stm32_ub_iic.o(.text) for IICWriteBytes
    stm32_ub_pcf8563.o(.text) refers to printf5.o(i.__0printf$5) for __2printf
    stm32_ub_pcf8563.o(.text) refers to stm32_ub_pcf8563.o(.data) for .data
    stm32_ub_pcf8563.o(.text) refers to stm32_ub_params.o(.bss) for MenuParam
    stm32_ub_pcf8563.o(.text) refers to stm32_ub_pcf8563.o(.constdata) for .constdata
    uart1.o(.text) refers to stm32f10x_rcc.o(.text) for RCC_APB2PeriphClockCmd
    uart1.o(.text) refers to stm32f10x_usart.o(.text) for USART_DeInit
    uart1.o(.text) refers to stm32f10x_gpio.o(.text) for GPIO_Init
    uart1.o(.text) refers to misc.o(.text) for NVIC_PriorityGroupConfig
    uart1.o(.text) refers to printf5.o(i.__0printf$5) for __2printf
    uart1.o(.text) refers to uart1.o(.data) for .data
    uart1.o(.text) refers to uart1.o(.bss) for .bss
    uart1.o(.text) refers to uart1.o(.text) for UartBuf_WD
    uart1.o(.text) refers to stm32f10x_usart.o(.text) for USART_ITConfig
    uart1.o(.text) refers to uart1.o(.data) for .data
    uart1.o(.text) refers to uart1.o(.text) for UartBuf_WD
    uart1.o(.text) refers to stm32f10x_usart.o(.text) for USART_ITConfig
    uart1.o(.text) refers to uart1.o(.data) for .data
    uart1.o(.text) refers to uart1.o(.text) for UartBuf_Cnt
    uart1.o(.text) refers to stm32f10x_usart.o(.text) for USART_ITConfig
    uart1.o(.text) refers to uart1.o(.data) for .data
    stm32_ub_lcd.o(.text) refers to stm32f10x_rcc.o(.text) for RCC_APB2PeriphClockCmd
    stm32_ub_lcd.o(.text) refers to stm32f10x_gpio.o(.text) for GPIO_PinRemapConfig
    stm32_ub_lcd.o(.text) refers to printf5.o(i.__0printf$5) for __2printf
    stm32_ub_lcd.o(.text) refers to stm32_ub_lcd.o(.bss) for .bss
    stm32_ub_lcd.o(.text) refers to stm32_ub_lcd.o(.data) for .data
    stm32_ub_lcd.o(.text) refers to stm32_ub_lcd.o(.text) for lcd_delay
    stm32_ub_lcd.o(.text) refers to stm32_ub_lcd.o(.bss) for .bss
    stm32_ub_lcd.o(.text) refers to stm32_ub_lcd.o(.bss) for .bss
    stm32_ub_menu.o(.text) refers to stm32_ub_lcd.o(.text) for lcd_wr_num
    stm32_ub_menu.o(.text) refers to stm32_ub_button.o(.text) for KeyPop
    stm32_ub_menu.o(.text) refers to stm32_ub_menu.o(.data) for .data
    stm32_ub_menu.o(.text) refers to stm32_ub_params.o(.bss) for MenuParam
    stm32_ub_params.o(.text) refers to stm32_ub_params.o(.bss) for .bss
    stm32_ub_params.o(.text) refers to stm32_ub_menu.o(.text) for MenuOnStatus
    stm32f10x_rcc.o(.text) refers to stm32f10x_rcc.o(.text) for RCC_GetFlagStatus
    stm32f10x_rcc.o(.text) refers to stm32f10x_rcc.o(.data) for .data
    stm32f10x_gpio.o(.text) refers to stm32f10x_rcc.o(.text) for RCC_APB2PeriphResetCmd
    stm32f10x_gpio.o(.text) refers to stm32f10x_rcc.o(.text) for RCC_APB2PeriphResetCmd
    stm32f10x_adc.o(.text) refers to stm32f10x_rcc.o(.text) for RCC_APB2PeriphResetCmd
    stm32f10x_usart.o(.text) refers to stm32f10x_rcc.o(.text) for RCC_APB2PeriphResetCmd
    stm32f10x_i2c.o(.text) refers to stm32f10x_rcc.o(.text) for RCC_APB1PeriphResetCmd
    stm32f10x_i2c.o(.text) refers to stm32f10x_rcc.o(.text) for RCC_GetClocksFreq
    stm32f10x_spi.o(.text) refers to stm32f10x_rcc.o(.text) for RCC_APB2PeriphResetCmd
    stm32f10x_spi.o(.text) refers to stm32f10x_rcc.o(.text) for RCC_GetClocksFreq
    stm32f10x_tim.o(.text) refers to stm32f10x_rcc.o(.text) for RCC_APB2PeriphResetCmd
    stm32f10x_tim.o(.text) refers to stm32f10x_tim.o(.text) for TI4_Config
    stm32f10x_tim.o(.text) refers to stm32f10x_tim.o(.text) for TIM_SetIC4Prescaler
    stm32f10x_tim.o(.text) refers to stm32f10x_tim.o(.text) for TI1_Config
    stm32f10x_tim.o(.text) refers to stm32f10x_tim.o(.text) for TIM_SetIC1Prescaler
    stm32f10x_tim.o(.text) refers to stm32f10x_tim.o(.text) for TI2_Config
    stm32f10x_tim.o(.text) refers to stm32f10x_tim.o(.text) for TIM_SetIC2Prescaler
    stm32f10x_tim.o(.text) refers to stm32f10x_tim.o(.text) for TI3_Config
    stm32f10x_tim.o(.text) refers to stm32f10x_tim.o(.text) for TIM_SetIC3Prescaler
    stm32f10x_tim.o(.text) refers to stm32f10x_tim.o(.text) for TI2_Config
    stm32f10x_tim.o(.text) refers to stm32f10x_tim.o(.text) for TIM_SetIC2Prescaler
    stm32f10x_tim.o(.text) refers to stm32f10x_tim.o(.text) for TI1_Config
    stm32f10x_tim.o(.text) refers to stm32f10x_tim.o(.text) for TIM_SetIC1Prescaler
    stm32f10x_tim.o(.text) refers to stm32f10x_tim.o(.text) for TIM_SelectInputTrigger
    stm32f10x_tim.o(.text) refers to stm32f10x_tim.o(.text) for TI1_Config
    stm32f10x_tim.o(.text) refers to stm32f10x_tim.o(.text) for TIM_SelectInputTrigger
    stm32f10x_tim.o(.text) refers to stm32f10x_tim.o(.text) for TI2_Config
    stm32f10x_tim.o(.text) refers to stm32f10x_tim.o(.text) for TIM_ETRConfig
    stm32f10x_tim.o(.text) refers to stm32f10x_tim.o(.text) for TIM_ETRConfig
    system_stm32f10x.o(.text) refers to system_stm32f10x.o(.data) for .data
    entry.o(.ARM.Collect$$$$00000000) refers (Special) to entry7b.o(.ARM.Collect$$$$00000008) for _main_clock
    entry.o(.ARM.Collect$$$$00000000) refers (Special) to entry8.o(.ARM.Collect$$$$00000009) for _main_init
    entry.o(.ARM.Collect$$$$00000000) refers (Special) to entry5.o(.ARM.Collect$$$$00000004) for _main_scatterload
    entry.o(.ARM.Collect$$$$00000000) refers (Special) to entry2.o(.ARM.Collect$$$$00000001) for _main_stk
    printfb.o(i.__0fprintf$bare) refers to printfb.o(i._printf_core) for _printf_core
    printfb.o(i.__0fprintf$bare) refers to uart1.o(.text) for fputc
    printfb.o(i.__0printf$bare) refers to printfb.o(i._printf_core) for _printf_core
    printfb.o(i.__0printf$bare) refers to uart1.o(.text) for fputc
    printfb.o(i.__0printf$bare) refers to uart1.o(.data) for __stdout
    printfb.o(i.__0snprintf$bare) refers to printfb.o(i._printf_core) for _printf_core
    printfb.o(i.__0snprintf$bare) refers to printfb.o(i._snputc) for _snputc
    printfb.o(i.__0sprintf$bare) refers to printfb.o(i._printf_core) for _printf_core
    printfb.o(i.__0sprintf$bare) refers to printfb.o(i._sputc) for _sputc
    printfb.o(i.__0vfprintf$bare) refers to printfb.o(i._printf_core) for _printf_core
    printfb.o(i.__0vfprintf$bare) refers to uart1.o(.text) for fputc
    printfb.o(i.__0vprintf$bare) refers to printfb.o(i._printf_core) for _printf_core
    printfb.o(i.__0vprintf$bare) refers to uart1.o(.text) for fputc
    printfb.o(i.__0vprintf$bare) refers to uart1.o(.data) for __stdout
    printfb.o(i.__0vsnprintf$bare) refers to printfb.o(i._printf_core) for _printf_core
    printfb.o(i.__0vsnprintf$bare) refers to printfb.o(i._snputc) for _snputc
    printfb.o(i.__0vsprintf$bare) refers to printfb.o(i._printf_core) for _printf_core
    printfb.o(i.__0vsprintf$bare) refers to printfb.o(i._sputc) for _sputc
    printf0.o(i.__0fprintf$0) refers to printf0.o(i._printf_core) for _printf_core
    printf0.o(i.__0fprintf$0) refers to uart1.o(.text) for fputc
    printf0.o(i.__0printf$0) refers to printf0.o(i._printf_core) for _printf_core
    printf0.o(i.__0printf$0) refers to uart1.o(.text) for fputc
    printf0.o(i.__0printf$0) refers to uart1.o(.data) for __stdout
    printf0.o(i.__0snprintf$0) refers to printf0.o(i._printf_core) for _printf_core
    printf0.o(i.__0snprintf$0) refers to printf0.o(i._snputc) for _snputc
    printf0.o(i.__0sprintf$0) refers to printf0.o(i._printf_core) for _printf_core
    printf0.o(i.__0sprintf$0) refers to printf0.o(i._sputc) for _sputc
    printf0.o(i.__0vfprintf$0) refers to printf0.o(i._printf_core) for _printf_core
    printf0.o(i.__0vfprintf$0) refers to uart1.o(.text) for fputc
    printf0.o(i.__0vprintf$0) refers to printf0.o(i._printf_core) for _printf_core
    printf0.o(i.__0vprintf$0) refers to uart1.o(.text) for fputc
    printf0.o(i.__0vprintf$0) refers to uart1.o(.data) for __stdout
    printf0.o(i.__0vsnprintf$0) refers to printf0.o(i._printf_core) for _printf_core
    printf0.o(i.__0vsnprintf$0) refers to printf0.o(i._snputc) for _snputc
    printf0.o(i.__0vsprintf$0) refers to printf0.o(i._printf_core) for _printf_core
    printf0.o(i.__0vsprintf$0) refers to printf0.o(i._sputc) for _sputc
    printf1.o(i.__0fprintf$1) refers to printf1.o(i._printf_core) for _printf_core
    printf1.o(i.__0fprintf$1) refers to uart1.o(.text) for fputc
    printf1.o(i.__0printf$1) refers to printf1.o(i._printf_core) for _printf_core
    printf1.o(i.__0printf$1) refers to uart1.o(.text) for fputc
    printf1.o(i.__0printf$1) refers to uart1.o(.data) for __stdout
    printf1.o(i.__0snprintf$1) refers to printf1.o(i._printf_core) for _printf_core
    printf1.o(i.__0snprintf$1) refers to printf1.o(i._snputc) for _snputc
    printf1.o(i.__0sprintf$1) refers to printf1.o(i._printf_core) for _printf_core
    printf1.o(i.__0sprintf$1) refers to printf1.o(i._sputc) for _sputc
    printf1.o(i.__0vfprintf$1) refers to printf1.o(i._printf_core) for _printf_core
    printf1.o(i.__0vfprintf$1) refers to uart1.o(.text) for fputc
    printf1.o(i.__0vprintf$1) refers to printf1.o(i._printf_core) for _printf_core
    printf1.o(i.__0vprintf$1) refers to uart1.o(.text) for fputc
    printf1.o(i.__0vprintf$1) refers to uart1.o(.data) for __stdout
    printf1.o(i.__0vsnprintf$1) refers to printf1.o(i._printf_core) for _printf_core
    printf1.o(i.__0vsnprintf$1) refers to printf1.o(i._snputc) for _snputc
    printf1.o(i.__0vsprintf$1) refers to printf1.o(i._printf_core) for _printf_core
    printf1.o(i.__0vsprintf$1) refers to printf1.o(i._sputc) for _sputc
    printf1.o(i._printf_core) refers to uidiv.o(.text) for __aeabi_uidivmod
    printf2.o(i.__0fprintf$2) refers to printf2.o(i._printf_core) for _printf_core
    printf2.o(i.__0fprintf$2) refers to uart1.o(.text) for fputc
    printf2.o(i.__0printf$2) refers to printf2.o(i._printf_core) for _printf_core
    printf2.o(i.__0printf$2) refers to uart1.o(.text) for fputc
    printf2.o(i.__0printf$2) refers to uart1.o(.data) for __stdout
    printf2.o(i.__0snprintf$2) refers to printf2.o(i._printf_core) for _printf_core
    printf2.o(i.__0snprintf$2) refers to printf2.o(i._snputc) for _snputc
    printf2.o(i.__0sprintf$2) refers to printf2.o(i._printf_core) for _printf_core
    printf2.o(i.__0sprintf$2) refers to printf2.o(i._sputc) for _sputc
    printf2.o(i.__0vfprintf$2) refers to printf2.o(i._printf_core) for _printf_core
    printf2.o(i.__0vfprintf$2) refers to uart1.o(.text) for fputc
    printf2.o(i.__0vprintf$2) refers to printf2.o(i._printf_core) for _printf_core
    printf2.o(i.__0vprintf$2) refers to uart1.o(.text) for fputc
    printf2.o(i.__0vprintf$2) refers to uart1.o(.data) for __stdout
    printf2.o(i.__0vsnprintf$2) refers to printf2.o(i._printf_core) for _printf_core
    printf2.o(i.__0vsnprintf$2) refers to printf2.o(i._snputc) for _snputc
    printf2.o(i.__0vsprintf$2) refers to printf2.o(i._printf_core) for _printf_core
    printf2.o(i.__0vsprintf$2) refers to printf2.o(i._sputc) for _sputc
    printf3.o(i.__0fprintf$3) refers to printf3.o(i._printf_core) for _printf_core
    printf3.o(i.__0fprintf$3) refers to uart1.o(.text) for fputc
    printf3.o(i.__0printf$3) refers to printf3.o(i._printf_core) for _printf_core
    printf3.o(i.__0printf$3) refers to uart1.o(.text) for fputc
    printf3.o(i.__0printf$3) refers to uart1.o(.data) for __stdout
    printf3.o(i.__0snprintf$3) refers to printf3.o(i._printf_core) for _printf_core
    printf3.o(i.__0snprintf$3) refers to printf3.o(i._snputc) for _snputc
    printf3.o(i.__0sprintf$3) refers to printf3.o(i._printf_core) for _printf_core
    printf3.o(i.__0sprintf$3) refers to printf3.o(i._sputc) for _sputc
    printf3.o(i.__0vfprintf$3) refers to printf3.o(i._printf_core) for _printf_core
    printf3.o(i.__0vfprintf$3) refers to uart1.o(.text) for fputc
    printf3.o(i.__0vprintf$3) refers to printf3.o(i._printf_core) for _printf_core
    printf3.o(i.__0vprintf$3) refers to uart1.o(.text) for fputc
    printf3.o(i.__0vprintf$3) refers to uart1.o(.data) for __stdout
    printf3.o(i.__0vsnprintf$3) refers to printf3.o(i._printf_core) for _printf_core
    printf3.o(i.__0vsnprintf$3) refers to printf3.o(i._snputc) for _snputc
    printf3.o(i.__0vsprintf$3) refers to printf3.o(i._printf_core) for _printf_core
    printf3.o(i.__0vsprintf$3) refers to printf3.o(i._sputc) for _sputc
    printf3.o(i._printf_core) refers to uidiv.o(.text) for __aeabi_uidivmod
    printf4.o(i.__0fprintf$4) refers to printf4.o(i._printf_core) for _printf_core
    printf4.o(i.__0fprintf$4) refers to uart1.o(.text) for fputc
    printf4.o(i.__0printf$4) refers to printf4.o(i._printf_core) for _printf_core
    printf4.o(i.__0printf$4) refers to uart1.o(.text) for fputc
    printf4.o(i.__0printf$4) refers to uart1.o(.data) for __stdout
    printf4.o(i.__0snprintf$4) refers to printf4.o(i._printf_core) for _printf_core
    printf4.o(i.__0snprintf$4) refers to printf4.o(i._snputc) for _snputc
    printf4.o(i.__0sprintf$4) refers to printf4.o(i._printf_core) for _printf_core
    printf4.o(i.__0sprintf$4) refers to printf4.o(i._sputc) for _sputc
    printf4.o(i.__0vfprintf$4) refers to printf4.o(i._printf_core) for _printf_core
    printf4.o(i.__0vfprintf$4) refers to uart1.o(.text) for fputc
    printf4.o(i.__0vprintf$4) refers to printf4.o(i._printf_core) for _printf_core
    printf4.o(i.__0vprintf$4) refers to uart1.o(.text) for fputc
    printf4.o(i.__0vprintf$4) refers to uart1.o(.data) for __stdout
    printf4.o(i.__0vsnprintf$4) refers to printf4.o(i._printf_core) for _printf_core
    printf4.o(i.__0vsnprintf$4) refers to printf4.o(i._snputc) for _snputc
    printf4.o(i.__0vsprintf$4) refers to printf4.o(i._printf_core) for _printf_core
    printf4.o(i.__0vsprintf$4) refers to printf4.o(i._sputc) for _sputc
    printf4.o(i._printf_core) refers to uldiv.o(.text) for __aeabi_uldivmod
    printf5.o(i.__0fprintf$5) refers to printf5.o(i._printf_core) for _printf_core
    printf5.o(i.__0fprintf$5) refers to uart1.o(.text) for fputc
    printf5.o(i.__0printf$5) refers to printf5.o(i._printf_core) for _printf_core
    printf5.o(i.__0printf$5) refers to uart1.o(.text) for fputc
    printf5.o(i.__0printf$5) refers to uart1.o(.data) for __stdout
    printf5.o(i.__0snprintf$5) refers to printf5.o(i._printf_core) for _printf_core
    printf5.o(i.__0snprintf$5) refers to printf5.o(i._snputc) for _snputc
    printf5.o(i.__0sprintf$5) refers to printf5.o(i._printf_core) for _printf_core
    printf5.o(i.__0sprintf$5) refers to printf5.o(i._sputc) for _sputc
    printf5.o(i.__0vfprintf$5) refers to printf5.o(i._printf_core) for _printf_core
    printf5.o(i.__0vfprintf$5) refers to uart1.o(.text) for fputc
    printf5.o(i.__0vprintf$5) refers to printf5.o(i._printf_core) for _printf_core
    printf5.o(i.__0vprintf$5) refers to uart1.o(.text) for fputc
    printf5.o(i.__0vprintf$5) refers to uart1.o(.data) for __stdout
    printf5.o(i.__0vsnprintf$5) refers to printf5.o(i._printf_core) for _printf_core
    printf5.o(i.__0vsnprintf$5) refers to printf5.o(i._snputc) for _snputc
    printf5.o(i.__0vsprintf$5) refers to printf5.o(i._printf_core) for _printf_core
    printf5.o(i.__0vsprintf$5) refers to printf5.o(i._sputc) for _sputc
    printf5.o(i._printf_core) refers to uldiv.o(.text) for __aeabi_uldivmod
    printf6.o(i.__0fprintf$6) refers to printf6.o(i._printf_core) for _printf_core
    printf6.o(i.__0fprintf$6) refers to uart1.o(.text) for fputc
    printf6.o(i.__0printf$6) refers to printf6.o(i._printf_core) for _printf_core
    printf6.o(i.__0printf$6) refers to uart1.o(.text) for fputc
    printf6.o(i.__0printf$6) refers to uart1.o(.data) for __stdout
    printf6.o(i.__0snprintf$6) refers to printf6.o(i._printf_core) for _printf_core
    printf6.o(i.__0snprintf$6) refers to printf6.o(i._snputc) for _snputc
    printf6.o(i.__0sprintf$6) refers to printf6.o(i._printf_core) for _printf_core
    printf6.o(i.__0sprintf$6) refers to printf6.o(i._sputc) for _sputc
    printf6.o(i.__0vfprintf$6) refers to printf6.o(i._printf_core) for _printf_core
    printf6.o(i.__0vfprintf$6) refers to uart1.o(.text) for fputc
    printf6.o(i.__0vprintf$6) refers to printf6.o(i._printf_core) for _printf_core
    printf6.o(i.__0vprintf$6) refers to uart1.o(.text) for fputc
    printf6.o(i.__0vprintf$6) refers to uart1.o(.data) for __stdout
    printf6.o(i.__0vsnprintf$6) refers to printf6.o(i._printf_core) for _printf_core
    printf6.o(i.__0vsnprintf$6) refers to printf6.o(i._snputc) for _snputc
    printf6.o(i.__0vsprintf$6) refers to printf6.o(i._printf_core) for _printf_core
    printf6.o(i.__0vsprintf$6) refers to printf6.o(i._sputc) for _sputc
    printf6.o(i._printf_core) refers to printf6.o(i._printf_pre_padding) for _printf_pre_padding
    printf6.o(i._printf_core) refers to uidiv.o(.text) for __aeabi_uidivmod
    printf6.o(i._printf_core) refers to printf6.o(i._printf_post_padding) for _printf_post_padding
    printf7.o(i.__0fprintf$7) refers to printf7.o(i._printf_core) for _printf_core
    printf7.o(i.__0fprintf$7) refers to uart1.o(.text) for fputc
    printf7.o(i.__0printf$7) refers to printf7.o(i._printf_core) for _printf_core
    printf7.o(i.__0printf$7) refers to uart1.o(.text) for fputc
    printf7.o(i.__0printf$7) refers to uart1.o(.data) for __stdout
    printf7.o(i.__0snprintf$7) refers to printf7.o(i._printf_core) for _printf_core
    printf7.o(i.__0snprintf$7) refers to printf7.o(i._snputc) for _snputc
    printf7.o(i.__0sprintf$7) refers to printf7.o(i._printf_core) for _printf_core
    printf7.o(i.__0sprintf$7) refers to printf7.o(i._sputc) for _sputc
    printf7.o(i.__0vfprintf$7) refers to printf7.o(i._printf_core) for _printf_core
    printf7.o(i.__0vfprintf$7) refers to uart1.o(.text) for fputc
    printf7.o(i.__0vprintf$7) refers to printf7.o(i._printf_core) for _printf_core
    printf7.o(i.__0vprintf$7) refers to uart1.o(.text) for fputc
    printf7.o(i.__0vprintf$7) refers to uart1.o(.data) for __stdout
    printf7.o(i.__0vsnprintf$7) refers to printf7.o(i._printf_core) for _printf_core
    printf7.o(i.__0vsnprintf$7) refers to printf7.o(i._snputc) for _snputc
    printf7.o(i.__0vsprintf$7) refers to printf7.o(i._printf_core) for _printf_core
    printf7.o(i.__0vsprintf$7) refers to printf7.o(i._sputc) for _sputc
    printf7.o(i._printf_core) refers to printf7.o(i._printf_pre_padding) for _printf_pre_padding
    printf7.o(i._printf_core) refers to uldiv.o(.text) for __aeabi_uldivmod
    printf7.o(i._printf_core) refers to printf7.o(i._printf_post_padding) for _printf_post_padding
    printf8.o(i.__0fprintf$8) refers to printf8.o(i._printf_core) for _printf_core
    printf8.o(i.__0fprintf$8) refers to uart1.o(.text) for fputc
    printf8.o(i.__0printf$8) refers to printf8.o(i._printf_core) for _printf_core
    printf8.o(i.__0printf$8) refers to uart1.o(.text) for fputc
    printf8.o(i.__0printf$8) refers to uart1.o(.data) for __stdout
    printf8.o(i.__0snprintf$8) refers to printf8.o(i._printf_core) for _printf_core
    printf8.o(i.__0snprintf$8) refers to printf8.o(i._snputc) for _snputc
    printf8.o(i.__0sprintf$8) refers to printf8.o(i._printf_core) for _printf_core
    printf8.o(i.__0sprintf$8) refers to printf8.o(i._sputc) for _sputc
    printf8.o(i.__0vfprintf$8) refers to printf8.o(i._printf_core) for _printf_core
    printf8.o(i.__0vfprintf$8) refers to uart1.o(.text) for fputc
    printf8.o(i.__0vprintf$8) refers to printf8.o(i._printf_core) for _printf_core
    printf8.o(i.__0vprintf$8) refers to uart1.o(.text) for fputc
    printf8.o(i.__0vprintf$8) refers to uart1.o(.data) for __stdout
    printf8.o(i.__0vsnprintf$8) refers to printf8.o(i._printf_core) for _printf_core
    printf8.o(i.__0vsnprintf$8) refers to printf8.o(i._snputc) for _snputc
    printf8.o(i.__0vsprintf$8) refers to printf8.o(i._printf_core) for _printf_core
    printf8.o(i.__0vsprintf$8) refers to printf8.o(i._sputc) for _sputc
    printf8.o(i._printf_core) refers to printf8.o(i._printf_pre_padding) for _printf_pre_padding
    printf8.o(i._printf_core) refers to uldiv.o(.text) for __aeabi_uldivmod
    printf8.o(i._printf_core) refers to printf8.o(i._printf_post_padding) for _printf_post_padding
    printfa.o(i.__0fprintf) refers (Special) to iusefp.o(.text) for __I$use$fp
    printfa.o(i.__0fprintf) refers to printfa.o(i._printf_core) for _printf_core
    printfa.o(i.__0fprintf) refers to uart1.o(.text) for fputc
    printfa.o(i.__0printf) refers (Special) to iusefp.o(.text) for __I$use$fp
    printfa.o(i.__0printf) refers to printfa.o(i._printf_core) for _printf_core
    printfa.o(i.__0printf) refers to uart1.o(.text) for fputc
    printfa.o(i.__0printf) refers to uart1.o(.data) for __stdout
    printfa.o(i.__0snprintf) refers (Special) to iusefp.o(.text) for __I$use$fp
    printfa.o(i.__0snprintf) refers to printfa.o(i._printf_core) for _printf_core
    printfa.o(i.__0snprintf) refers to printfa.o(i._snputc) for _snputc
    printfa.o(i.__0sprintf) refers (Special) to iusefp.o(.text) for __I$use$fp
    printfa.o(i.__0sprintf) refers to printfa.o(i._printf_core) for _printf_core
    printfa.o(i.__0sprintf) refers to printfa.o(i._sputc) for _sputc
    printfa.o(i.__0vfprintf) refers (Special) to iusefp.o(.text) for __I$use$fp
    printfa.o(i.__0vfprintf) refers to printfa.o(i._printf_core) for _printf_core
    printfa.o(i.__0vfprintf) refers to uart1.o(.text) for fputc
    printfa.o(i.__0vprintf) refers (Special) to iusefp.o(.text) for __I$use$fp
    printfa.o(i.__0vprintf) refers to printfa.o(i._printf_core) for _printf_core
    printfa.o(i.__0vprintf) refers to uart1.o(.text) for fputc
    printfa.o(i.__0vprintf) refers to uart1.o(.data) for __stdout
    printfa.o(i.__0vsnprintf) refers (Special) to iusefp.o(.text) for __I$use$fp
    printfa.o(i.__0vsnprintf) refers to printfa.o(i._printf_core) for _printf_core
    printfa.o(i.__0vsnprintf) refers to printfa.o(i._snputc) for _snputc
    printfa.o(i.__0vsprintf) refers (Special) to iusefp.o(.text) for __I$use$fp
    printfa.o(i.__0vsprintf) refers to printfa.o(i._printf_core) for _printf_core
    printfa.o(i.__0vsprintf) refers to printfa.o(i._sputc) for _sputc
    printfa.o(i._fp_digits) refers (Special) to iusefp.o(.text) for __I$use$fp
    printfa.o(i._fp_digits) refers to dmul.o(.text) for __aeabi_dmul
    printfa.o(i._fp_digits) refers to ddiv.o(.text) for __aeabi_ddiv
    printfa.o(i._fp_digits) refers to cdrcmple.o(.text) for __aeabi_cdrcmple
    printfa.o(i._fp_digits) refers to dadd.o(.text) for __aeabi_dadd
    printfa.o(i._fp_digits) refers to dfixul.o(.text) for __aeabi_d2ulz
    printfa.o(i._fp_digits) refers to uldiv.o(.text) for __aeabi_uldivmod
    printfa.o(i._printf_core) refers (Special) to iusefp.o(.text) for __I$use$fp
    printfa.o(i._printf_core) refers to printfa.o(i._printf_pre_padding) for _printf_pre_padding
    printfa.o(i._printf_core) refers to uldiv.o(.text) for __aeabi_uldivmod
    printfa.o(i._printf_core) refers to printfa.o(i._printf_post_padding) for _printf_post_padding
    printfa.o(i._printf_core) refers to printfa.o(i._fp_digits) for _fp_digits
    printfa.o(i._printf_core) refers to uidiv.o(.text) for __aeabi_uidivmod
    printfa.o(i._printf_post_padding) refers (Special) to iusefp.o(.text) for __I$use$fp
    printfa.o(i._printf_pre_padding) refers (Special) to iusefp.o(.text) for __I$use$fp
    printfa.o(i._snputc) refers (Special) to iusefp.o(.text) for __I$use$fp
    printfa.o(i._sputc) refers (Special) to iusefp.o(.text) for __I$use$fp
    entry2.o(.ARM.Collect$$$$00000001) refers to entry2.o(.ARM.Collect$$$$00002712) for __lit__00000000
    entry2.o(.ARM.Collect$$$$00002712) refers to startup_stm32f10x_md.o(STACK) for __initial_sp
    entry2.o(__vectab_stack_and_reset_area) refers to startup_stm32f10x_md.o(STACK) for __initial_sp
    entry2.o(__vectab_stack_and_reset_area) refers to entry.o(.ARM.Collect$$$$00000000) for __main
    entry5.o(.ARM.Collect$$$$00000004) refers to init.o(.text) for __scatterload
    entry8.o(.ARM.Collect$$$$00000009) refers to main.o(.text) for main
    uldiv.o(.text) refers to llushr.o(.text) for __aeabi_llsr
    uldiv.o(.text) refers to llshl.o(.text) for __aeabi_llsl
    dadd.o(.text) refers to llshl.o(.text) for __aeabi_llsl
    dadd.o(.text) refers to llsshr.o(.text) for __aeabi_lasr
    dadd.o(.text) refers to depilogue.o(.text) for _double_epilogue
    dmul.o(.text) refers to depilogue.o(.text) for _double_epilogue
    ddiv.o(.text) refers to depilogue.o(.text) for _double_round
    dfixul.o(.text) refers to llushr.o(.text) for __aeabi_llsr
    dfixul.o(.text) refers to llshl.o(.text) for __aeabi_llsl
    init.o(.text) refers to entry5.o(.ARM.Collect$$$$00000004) for __main_after_scatterload
    depilogue.o(.text) refers to llshl.o(.text) for __aeabi_llsl
    depilogue.o(.text) refers to llushr.o(.text) for __aeabi_llsr


==============================================================================

Removing Unused input sections from the image.

    Removing startup_stm32f10x_md.o(HEAP), (512 bytes).
    Removing stm32_ub_led.o(.text), (10 bytes).
    Removing tsystick.o(.data), (1 bytes).
    Removing uart1.o(.text), (2 bytes).
    Removing uart1.o(.text), (36 bytes).
    Removing uart1.o(.text), (8 bytes).
    Removing uart1.o(.text), (52 bytes).
    Removing uart1.o(.text), (68 bytes).
    Removing stm32_ub_lcd.o(.text), (212 bytes).
    Removing stm32_ub_lcd.o(.text), (44 bytes).
    Removing stm32_ub_lcd.o(.text), (24 bytes).
    Removing stm32_ub_lcd.o(.constdata), (20 bytes).
    Removing stm32f10x_rcc.o(.text), (64 bytes).
    Removing stm32f10x_rcc.o(.text), (56 bytes).
    Removing stm32f10x_rcc.o(.text), (48 bytes).
    Removing stm32f10x_rcc.o(.text), (40 bytes).
    Removing stm32f10x_rcc.o(.text), (20 bytes).
    Removing stm32f10x_rcc.o(.text), (12 bytes).
    Removing stm32f10x_rcc.o(.text), (20 bytes).
    Removing stm32f10x_rcc.o(.text), (12 bytes).
    Removing stm32f10x_rcc.o(.text), (20 bytes).
    Removing stm32f10x_rcc.o(.text), (16 bytes).
    Removing stm32f10x_rcc.o(.text), (20 bytes).
    Removing stm32f10x_rcc.o(.text), (20 bytes).
    Removing stm32f10x_rcc.o(.text), (20 bytes).
    Removing stm32f10x_rcc.o(.text), (24 bytes).
    Removing stm32f10x_rcc.o(.text), (12 bytes).
    Removing stm32f10x_rcc.o(.text), (20 bytes).
    Removing stm32f10x_rcc.o(.text), (40 bytes).
    Removing stm32f10x_rcc.o(.text), (12 bytes).
    Removing stm32f10x_rcc.o(.text), (16 bytes).
    Removing stm32f10x_rcc.o(.text), (12 bytes).
    Removing stm32f10x_rcc.o(.text), (24 bytes).
    Removing stm32f10x_rcc.o(.text), (24 bytes).
    Removing stm32f10x_rcc.o(.text), (12 bytes).
    Removing stm32f10x_rcc.o(.text), (12 bytes).
    Removing stm32f10x_rcc.o(.text), (12 bytes).
    Removing stm32f10x_rcc.o(.text), (16 bytes).
    Removing stm32f10x_rcc.o(.text), (20 bytes).
    Removing stm32f10x_rcc.o(.text), (12 bytes).
    Removing stm32f10x_gpio.o(.text), (216 bytes).
    Removing stm32f10x_gpio.o(.text), (22 bytes).
    Removing stm32f10x_gpio.o(.text), (16 bytes).
    Removing stm32f10x_gpio.o(.text), (14 bytes).
    Removing stm32f10x_gpio.o(.text), (14 bytes).
    Removing stm32f10x_gpio.o(.text), (6 bytes).
    Removing stm32f10x_gpio.o(.text), (4 bytes).
    Removing stm32f10x_gpio.o(.text), (4 bytes).
    Removing stm32f10x_gpio.o(.text), (10 bytes).
    Removing stm32f10x_gpio.o(.text), (4 bytes).
    Removing stm32f10x_gpio.o(.text), (16 bytes).
    Removing stm32f10x_gpio.o(.text), (28 bytes).
    Removing stm32f10x_gpio.o(.text), (12 bytes).
    Removing stm32f10x_gpio.o(.text), (40 bytes).
    Removing stm32f10x_gpio.o(.text), (12 bytes).
    Removing misc.o(.text), (20 bytes).
    Removing misc.o(.text), (24 bytes).
    Removing misc.o(.text), (28 bytes).
    Removing stm32f10x_exti.o(.text), (36 bytes).
    Removing stm32f10x_exti.o(.text), (112 bytes).
    Removing stm32f10x_exti.o(.text), (14 bytes).
    Removing stm32f10x_exti.o(.text), (16 bytes).
    Removing stm32f10x_exti.o(.text), (20 bytes).
    Removing stm32f10x_exti.o(.text), (12 bytes).
    Removing stm32f10x_exti.o(.text), (32 bytes).
    Removing stm32f10x_exti.o(.text), (12 bytes).
    Removing stm32f10x_adc.o(.text), (100 bytes).
    Removing stm32f10x_adc.o(.text), (72 bytes).
    Removing stm32f10x_adc.o(.text), (18 bytes).
    Removing stm32f10x_adc.o(.text), (22 bytes).
    Removing stm32f10x_adc.o(.text), (22 bytes).
    Removing stm32f10x_adc.o(.text), (20 bytes).
    Removing stm32f10x_adc.o(.text), (10 bytes).
    Removing stm32f10x_adc.o(.text), (14 bytes).
    Removing stm32f10x_adc.o(.text), (10 bytes).
    Removing stm32f10x_adc.o(.text), (14 bytes).
    Removing stm32f10x_adc.o(.text), (22 bytes).
    Removing stm32f10x_adc.o(.text), (14 bytes).
    Removing stm32f10x_adc.o(.text), (16 bytes).
    Removing stm32f10x_adc.o(.text), (22 bytes).
    Removing stm32f10x_adc.o(.text), (116 bytes).
    Removing stm32f10x_adc.o(.text), (22 bytes).
    Removing stm32f10x_adc.o(.text), (6 bytes).
    Removing stm32f10x_adc.o(.text), (12 bytes).
    Removing stm32f10x_adc.o(.text), (22 bytes).
    Removing stm32f10x_adc.o(.text), (22 bytes).
    Removing stm32f10x_adc.o(.text), (12 bytes).
    Removing stm32f10x_adc.o(.text), (22 bytes).
    Removing stm32f10x_adc.o(.text), (22 bytes).
    Removing stm32f10x_adc.o(.text), (14 bytes).
    Removing stm32f10x_adc.o(.text), (74 bytes).
    Removing stm32f10x_adc.o(.text), (16 bytes).
    Removing stm32f10x_adc.o(.text), (6 bytes).
    Removing stm32f10x_adc.o(.text), (8 bytes).
    Removing stm32f10x_adc.o(.text), (16 bytes).
    Removing stm32f10x_adc.o(.text), (6 bytes).
    Removing stm32f10x_adc.o(.text), (12 bytes).
    Removing stm32f10x_adc.o(.text), (28 bytes).
    Removing stm32f10x_adc.o(.text), (14 bytes).
    Removing stm32f10x_adc.o(.text), (6 bytes).
    Removing stm32f10x_adc.o(.text), (28 bytes).
    Removing stm32f10x_adc.o(.text), (8 bytes).
    Removing stm32f10x_dma.o(.text), (248 bytes).
    Removing stm32f10x_dma.o(.text), (58 bytes).
    Removing stm32f10x_dma.o(.text), (26 bytes).
    Removing stm32f10x_dma.o(.text), (24 bytes).
    Removing stm32f10x_dma.o(.text), (18 bytes).
    Removing stm32f10x_dma.o(.text), (4 bytes).
    Removing stm32f10x_dma.o(.text), (6 bytes).
    Removing stm32f10x_dma.o(.text), (36 bytes).
    Removing stm32f10x_dma.o(.text), (24 bytes).
    Removing stm32f10x_dma.o(.text), (36 bytes).
    Removing stm32f10x_dma.o(.text), (24 bytes).
    Removing stm32f10x_usart.o(.text), (22 bytes).
    Removing stm32f10x_usart.o(.text), (30 bytes).
    Removing stm32f10x_usart.o(.text), (12 bytes).
    Removing stm32f10x_usart.o(.text), (18 bytes).
    Removing stm32f10x_usart.o(.text), (16 bytes).
    Removing stm32f10x_usart.o(.text), (16 bytes).
    Removing stm32f10x_usart.o(.text), (22 bytes).
    Removing stm32f10x_usart.o(.text), (16 bytes).
    Removing stm32f10x_usart.o(.text), (22 bytes).
    Removing stm32f10x_usart.o(.text), (10 bytes).
    Removing stm32f10x_usart.o(.text), (16 bytes).
    Removing stm32f10x_usart.o(.text), (16 bytes).
    Removing stm32f10x_usart.o(.text), (22 bytes).
    Removing stm32f10x_usart.o(.text), (22 bytes).
    Removing stm32f10x_usart.o(.text), (22 bytes).
    Removing stm32f10x_usart.o(.text), (22 bytes).
    Removing stm32f10x_usart.o(.text), (22 bytes).
    Removing stm32f10x_usart.o(.text), (16 bytes).
    Removing stm32f10x_usart.o(.text), (22 bytes).
    Removing stm32f10x_usart.o(.text), (14 bytes).
    Removing stm32f10x_usart.o(.text), (8 bytes).
    Removing stm32f10x_i2c.o(.text), (56 bytes).
    Removing stm32f10x_i2c.o(.text), (188 bytes).
    Removing stm32f10x_i2c.o(.text), (28 bytes).
    Removing stm32f10x_i2c.o(.text), (22 bytes).
    Removing stm32f10x_i2c.o(.text), (22 bytes).
    Removing stm32f10x_i2c.o(.text), (22 bytes).
    Removing stm32f10x_i2c.o(.text), (22 bytes).
    Removing stm32f10x_i2c.o(.text), (22 bytes).
    Removing stm32f10x_i2c.o(.text), (22 bytes).
    Removing stm32f10x_i2c.o(.text), (16 bytes).
    Removing stm32f10x_i2c.o(.text), (22 bytes).
    Removing stm32f10x_i2c.o(.text), (22 bytes).
    Removing stm32f10x_i2c.o(.text), (18 bytes).
    Removing stm32f10x_i2c.o(.text), (4 bytes).
    Removing stm32f10x_i2c.o(.text), (6 bytes).
    Removing stm32f10x_i2c.o(.text), (16 bytes).
    Removing stm32f10x_i2c.o(.text), (6 bytes).
    Removing stm32f10x_i2c.o(.text), (22 bytes).
    Removing stm32f10x_i2c.o(.text), (26 bytes).
    Removing stm32f10x_i2c.o(.text), (26 bytes).
    Removing stm32f10x_i2c.o(.text), (22 bytes).
    Removing stm32f10x_i2c.o(.text), (26 bytes).
    Removing stm32f10x_i2c.o(.text), (22 bytes).
    Removing stm32f10x_i2c.o(.text), (6 bytes).
    Removing stm32f10x_i2c.o(.text), (22 bytes).
    Removing stm32f10x_i2c.o(.text), (22 bytes).
    Removing stm32f10x_i2c.o(.text), (26 bytes).
    Removing stm32f10x_i2c.o(.text), (24 bytes).
    Removing stm32f10x_i2c.o(.text), (14 bytes).
    Removing stm32f10x_i2c.o(.text), (30 bytes).
    Removing stm32f10x_i2c.o(.text), (6 bytes).
    Removing stm32f10x_i2c.o(.text), (34 bytes).
    Removing stm32f10x_i2c.o(.text), (6 bytes).
    Removing stm32f10x_spi.o(.text), (100 bytes).
    Removing stm32f10x_spi.o(.text), (56 bytes).
    Removing stm32f10x_spi.o(.text), (168 bytes).
    Removing stm32f10x_spi.o(.text), (24 bytes).
    Removing stm32f10x_spi.o(.text), (18 bytes).
    Removing stm32f10x_spi.o(.text), (22 bytes).
    Removing stm32f10x_spi.o(.text), (22 bytes).
    Removing stm32f10x_spi.o(.text), (26 bytes).
    Removing stm32f10x_spi.o(.text), (18 bytes).
    Removing stm32f10x_spi.o(.text), (4 bytes).
    Removing stm32f10x_spi.o(.text), (4 bytes).
    Removing stm32f10x_spi.o(.text), (28 bytes).
    Removing stm32f10x_spi.o(.text), (22 bytes).
    Removing stm32f10x_spi.o(.text), (16 bytes).
    Removing stm32f10x_spi.o(.text), (10 bytes).
    Removing stm32f10x_spi.o(.text), (22 bytes).
    Removing stm32f10x_spi.o(.text), (12 bytes).
    Removing stm32f10x_spi.o(.text), (4 bytes).
    Removing stm32f10x_spi.o(.text), (26 bytes).
    Removing stm32f10x_spi.o(.text), (14 bytes).
    Removing stm32f10x_spi.o(.text), (6 bytes).
    Removing stm32f10x_spi.o(.text), (44 bytes).
    Removing stm32f10x_spi.o(.text), (14 bytes).
    Removing stm32f10x_tim.o(.text), (528 bytes).
    Removing stm32f10x_tim.o(.text), (156 bytes).
    Removing stm32f10x_tim.o(.text), (136 bytes).
    Removing stm32f10x_tim.o(.text), (132 bytes).
    Removing stm32f10x_tim.o(.text), (128 bytes).
    Removing stm32f10x_tim.o(.text), (100 bytes).
    Removing stm32f10x_tim.o(.text), (18 bytes).
    Removing stm32f10x_tim.o(.text), (120 bytes).
    Removing stm32f10x_tim.o(.text), (16 bytes).
    Removing stm32f10x_tim.o(.text), (116 bytes).
    Removing stm32f10x_tim.o(.text), (18 bytes).
    Removing stm32f10x_tim.o(.text), (120 bytes).
    Removing stm32f10x_tim.o(.text), (16 bytes).
    Removing stm32f10x_tim.o(.text), (112 bytes).
    Removing stm32f10x_tim.o(.text), (148 bytes).
    Removing stm32f10x_tim.o(.text), (108 bytes).
    Removing stm32f10x_tim.o(.text), (34 bytes).
    Removing stm32f10x_tim.o(.text), (18 bytes).
    Removing stm32f10x_tim.o(.text), (20 bytes).
    Removing stm32f10x_tim.o(.text), (16 bytes).
    Removing stm32f10x_tim.o(.text), (18 bytes).
    Removing stm32f10x_tim.o(.text), (22 bytes).
    Removing stm32f10x_tim.o(.text), (26 bytes).
    Removing stm32f10x_tim.o(.text), (18 bytes).
    Removing stm32f10x_tim.o(.text), (4 bytes).
    Removing stm32f10x_tim.o(.text), (8 bytes).
    Removing stm32f10x_tim.o(.text), (18 bytes).
    Removing stm32f10x_tim.o(.text), (10 bytes).
    Removing stm32f10x_tim.o(.text), (12 bytes).
    Removing stm32f10x_tim.o(.text), (20 bytes).
    Removing stm32f10x_tim.o(.text), (48 bytes).
    Removing stm32f10x_tim.o(.text), (18 bytes).
    Removing stm32f10x_tim.o(.text), (32 bytes).
    Removing stm32f10x_tim.o(.text), (20 bytes).
    Removing stm32f10x_tim.o(.text), (6 bytes).
    Removing stm32f10x_tim.o(.text), (12 bytes).
    Removing stm32f10x_tim.o(.text), (44 bytes).
    Removing stm32f10x_tim.o(.text), (12 bytes).
    Removing stm32f10x_tim.o(.text), (14 bytes).
    Removing stm32f10x_tim.o(.text), (12 bytes).
    Removing stm32f10x_tim.o(.text), (14 bytes).
    Removing stm32f10x_tim.o(.text), (22 bytes).
    Removing stm32f10x_tim.o(.text), (22 bytes).
    Removing stm32f10x_tim.o(.text), (22 bytes).
    Removing stm32f10x_tim.o(.text), (22 bytes).
    Removing stm32f10x_tim.o(.text), (12 bytes).
    Removing stm32f10x_tim.o(.text), (14 bytes).
    Removing stm32f10x_tim.o(.text), (12 bytes).
    Removing stm32f10x_tim.o(.text), (14 bytes).
    Removing stm32f10x_tim.o(.text), (12 bytes).
    Removing stm32f10x_tim.o(.text), (14 bytes).
    Removing stm32f10x_tim.o(.text), (12 bytes).
    Removing stm32f10x_tim.o(.text), (14 bytes).
    Removing stm32f10x_tim.o(.text), (12 bytes).
    Removing stm32f10x_tim.o(.text), (14 bytes).
    Removing stm32f10x_tim.o(.text), (12 bytes).
    Removing stm32f10x_tim.o(.text), (14 bytes).
    Removing stm32f10x_tim.o(.text), (12 bytes).
    Removing stm32f10x_tim.o(.text), (12 bytes).
    Removing stm32f10x_tim.o(.text), (14 bytes).
    Removing stm32f10x_tim.o(.text), (14 bytes).
    Removing stm32f10x_tim.o(.text), (14 bytes).
    Removing stm32f10x_tim.o(.text), (14 bytes).
    Removing stm32f10x_tim.o(.text), (14 bytes).
    Removing stm32f10x_tim.o(.text), (22 bytes).
    Removing stm32f10x_tim.o(.text), (22 bytes).
    Removing stm32f10x_tim.o(.text), (70 bytes).
    Removing stm32f10x_tim.o(.text), (22 bytes).
    Removing stm32f10x_tim.o(.text), (22 bytes).
    Removing stm32f10x_tim.o(.text), (22 bytes).
    Removing stm32f10x_tim.o(.text), (16 bytes).
    Removing stm32f10x_tim.o(.text), (16 bytes).
    Removing stm32f10x_tim.o(.text), (16 bytes).
    Removing stm32f10x_tim.o(.text), (16 bytes).
    Removing stm32f10x_tim.o(.text), (4 bytes).
    Removing stm32f10x_tim.o(.text), (4 bytes).
    Removing stm32f10x_tim.o(.text), (4 bytes).
    Removing stm32f10x_tim.o(.text), (4 bytes).
    Removing stm32f10x_tim.o(.text), (4 bytes).
    Removing stm32f10x_tim.o(.text), (6 bytes).
    Removing stm32f10x_tim.o(.text), (16 bytes).
    Removing stm32f10x_tim.o(.text), (4 bytes).
    Removing stm32f10x_tim.o(.text), (4 bytes).
    Removing stm32f10x_tim.o(.text), (4 bytes).
    Removing stm32f10x_tim.o(.text), (6 bytes).
    Removing stm32f10x_tim.o(.text), (4 bytes).
    Removing stm32f10x_tim.o(.text), (4 bytes).
    Removing stm32f10x_tim.o(.text), (14 bytes).
    Removing stm32f10x_tim.o(.text), (6 bytes).
    Removing stm32f10x_tim.o(.text), (24 bytes).
    Removing stm32f10x_tim.o(.text), (6 bytes).
    Removing core_cm3.o(.emb_text), (32 bytes).
    Removing system_stm32f10x.o(.text), (120 bytes).
    Removing dadd.o(.text), (332 bytes).
    Removing dmul.o(.text), (224 bytes).
    Removing ddiv.o(.text), (222 bytes).
    Removing dfixul.o(.text), (48 bytes).
    Removing cdrcmple.o(.text), (40 bytes).
    Removing depilogue.o(.text), (190 bytes).

289 unused section(s) (total 10011 bytes) removed from the image.

==============================================================================

Image Symbol Table

    Local Symbols

    Symbol Name                              Value     Ov Type        Size  Object(Section)

    ../../microlib/division.c                0x00000000   Number         0  uidiv.o ABSOLUTE
    ../../microlib/division.c                0x00000000   Number         0  uldiv.o ABSOLUTE
    ../../microlib/fpadd.c                   0x00000000   Number         0  dadd.o ABSOLUTE
    ../../microlib/fpdiv.c                   0x00000000   Number         0  ddiv.o ABSOLUTE
    ../../microlib/fpepilogue.c              0x00000000   Number         0  depilogue.o ABSOLUTE
    ../../microlib/fpfix.c                   0x00000000   Number         0  dfixul.o ABSOLUTE
    ../../microlib/fpmul.c                   0x00000000   Number         0  dmul.o ABSOLUTE
    ../../microlib/init/entry.s              0x00000000   Number         0  entry.o ABSOLUTE
    ../../microlib/init/entry.s              0x00000000   Number         0  entry7b.o ABSOLUTE
    ../../microlib/init/entry.s              0x00000000   Number         0  entry8.o ABSOLUTE
    ../../microlib/init/entry.s              0x00000000   Number         0  entry7a.o ABSOLUTE
    ../../microlib/init/entry.s              0x00000000   Number         0  entry5.o ABSOLUTE
    ../../microlib/init/entry.s              0x00000000   Number         0  entry2.o ABSOLUTE
    ../../microlib/longlong.c                0x00000000   Number         0  llshl.o ABSOLUTE
    ../../microlib/longlong.c                0x00000000   Number         0  llushr.o ABSOLUTE
    ../../microlib/longlong.c                0x00000000   Number         0  llsshr.o ABSOLUTE
    ../../microlib/printf/printf.c           0x00000000   Number         0  printf6.o ABSOLUTE
    ../../microlib/printf/printf.c           0x00000000   Number         0  printf4.o ABSOLUTE
    ../../microlib/printf/printf.c           0x00000000   Number         0  printf3.o ABSOLUTE
    ../../microlib/printf/printf.c           0x00000000   Number         0  printf2.o ABSOLUTE
    ../../microlib/printf/printf.c           0x00000000   Number         0  printf0.o ABSOLUTE
    ../../microlib/printf/printf.c           0x00000000   Number         0  printfb.o ABSOLUTE
    ../../microlib/printf/printf.c           0x00000000   Number         0  printf1.o ABSOLUTE
    ../../microlib/printf/printf.c           0x00000000   Number         0  printf5.o ABSOLUTE
    ../../microlib/printf/printf.c           0x00000000   Number         0  printfa.o ABSOLUTE
    ../../microlib/printf/printf.c           0x00000000   Number         0  printf8.o ABSOLUTE
    ../../microlib/printf/printf.c           0x00000000   Number         0  printf7.o ABSOLUTE
    ../../microlib/printf/stubs.s            0x00000000   Number         0  stubs.o ABSOLUTE
    ../../microlib/stubs.s                   0x00000000   Number         0  iusefp.o ABSOLUTE
    ../../microlib/stubs.s                   0x00000000   Number         0  useno.o ABSOLUTE
    ..\CMSIS\core_cm3.c                      0x00000000   Number         0  core_cm3.o ABSOLUTE
    ..\CMSIS\startup\startup_stm32f10x_md.s  0x00000000   Number         0  startup_stm32f10x_md.o ABSOLUTE
    ..\CMSIS\system_stm32f10x.c              0x00000000   Number         0  system_stm32f10x.o ABSOLUTE
    ..\FWlib\src\misc.c                      0x00000000   Number         0  misc.o ABSOLUTE
    ..\FWlib\src\stm32f10x_adc.c             0x00000000   Number         0  stm32f10x_adc.o ABSOLUTE
    ..\FWlib\src\stm32f10x_dma.c             0x00000000   Number         0  stm32f10x_dma.o ABSOLUTE
    ..\FWlib\src\stm32f10x_exti.c            0x00000000   Number         0  stm32f10x_exti.o ABSOLUTE
    ..\FWlib\src\stm32f10x_gpio.c            0x00000000   Number         0  stm32f10x_gpio.o ABSOLUTE
    ..\FWlib\src\stm32f10x_i2c.c             0x00000000   Number         0  stm32f10x_i2c.o ABSOLUTE
    ..\FWlib\src\stm32f10x_rcc.c             0x00000000   Number         0  stm32f10x_rcc.o ABSOLUTE
    ..\FWlib\src\stm32f10x_spi.c             0x00000000   Number         0  stm32f10x_spi.o ABSOLUTE
    ..\FWlib\src\stm32f10x_tim.c             0x00000000   Number         0  stm32f10x_tim.o ABSOLUTE
    ..\FWlib\src\stm32f10x_usart.c           0x00000000   Number         0  stm32f10x_usart.o ABSOLUTE
    ..\\CMSIS\\core_cm3.c                    0x00000000   Number         0  core_cm3.o ABSOLUTE
    Tsystick.c                               0x00000000   Number         0  tsystick.o ABSOLUTE
    UART1.c                                  0x00000000   Number         0  uart1.o ABSOLUTE
    cdrcmple.s                               0x00000000   Number         0  cdrcmple.o ABSOLUTE
    dc.s                                     0x00000000   Number         0  dc.o ABSOLUTE
    handlers.s                               0x00000000   Number         0  handlers.o ABSOLUTE
    init.s                                   0x00000000   Number         0  init.o ABSOLUTE
    main.c                                   0x00000000   Number         0  main.o ABSOLUTE
    stm32_ub_button.c                        0x00000000   Number         0  stm32_ub_button.o ABSOLUTE
    stm32_ub_eeprom.c                        0x00000000   Number         0  stm32_ub_eeprom.o ABSOLUTE
    stm32_ub_iic.c                           0x00000000   Number         0  stm32_ub_iic.o ABSOLUTE
    stm32_ub_lcd.c                           0x00000000   Number         0  stm32_ub_lcd.o ABSOLUTE
    stm32_ub_led.c                           0x00000000   Number         0  stm32_ub_led.o ABSOLUTE
    stm32_ub_menu.c                          0x00000000   Number         0  stm32_ub_menu.o ABSOLUTE
    stm32_ub_params.c                        0x00000000   Number         0  stm32_ub_params.o ABSOLUTE
    stm32_ub_pcf8563.c                       0x00000000   Number         0  stm32_ub_pcf8563.o ABSOLUTE
    stm32f10x_it.c                           0x00000000   Number         0  stm32f10x_it.o ABSOLUTE
    task.c                                   0x00000000   Number         0  task.o ABSOLUTE
    RESET                                    0x08000000   Section      236  startup_stm32f10x_md.o(RESET)
    .ARM.Collect$$$$00000000                 0x080000ec   Section        0  entry.o(.ARM.Collect$$$$00000000)
    .ARM.Collect$$$$00000001                 0x080000ec   Section        4  entry2.o(.ARM.Collect$$$$00000001)
    .ARM.Collect$$$$00000004                 0x080000f0   Section        4  entry5.o(.ARM.Collect$$$$00000004)
    .ARM.Collect$$$$00000008                 0x080000f4   Section        0  entry7b.o(.ARM.Collect$$$$00000008)
    .ARM.Collect$$$$00000009                 0x080000f4   Section        8  entry8.o(.ARM.Collect$$$$00000009)
    .ARM.Collect$$$$00002712                 0x080000fc   Section        4  entry2.o(.ARM.Collect$$$$00002712)
    __lit__00000000                          0x080000fc   Data           4  entry2.o(.ARM.Collect$$$$00002712)
    .text                                    0x08000100   Section       36  startup_stm32f10x_md.o(.text)
    .text                                    0x08000124   Section        0  main.o(.text)
    .text                                    0x08000134   Section        0  stm32_ub_led.o(.text)
    .text                                    0x080001cc   Section        0  stm32f10x_it.o(.text)
    .text                                    0x080001e8   Section        0  task.o(.text)
    .text                                    0x08000278   Section        0  tsystick.o(.text)
    .text                                    0x080002b8   Section        0  stm32_ub_button.o(.text)
    .text                                    0x08000470   Section        0  stm32_ub_eeprom.o(.text)
    .text                                    0x08000680   Section        0  stm32_ub_iic.o(.text)
    i2c1_delay                               0x080006cd   Thumb Code    14  stm32_ub_iic.o(.text)
    .text                                    0x080009d4   Section        0  stm32_ub_pcf8563.o(.text)
    .text                                    0x08000ae8   Section        0  uart1.o(.text)
    .text                                    0x08000c90   Section        0  stm32_ub_lcd.o(.text)
    lcd_delay                                0x08000c91   Thumb Code    14  stm32_ub_lcd.o(.text)
    .text                                    0x08001438   Section        0  stm32_ub_menu.o(.text)
    .text                                    0x080016bc   Section        0  stm32_ub_params.o(.text)
    .text                                    0x080016ec   Section        0  stm32f10x_rcc.o(.text)
    .text                                    0x080017d0   Section        0  stm32f10x_gpio.o(.text)
    .text                                    0x080018d8   Section        0  misc.o(.text)
    .text                                    0x08001948   Section        0  stm32f10x_usart.o(.text)
    .text                                    0x08001b50   Section        0  system_stm32f10x.o(.text)
    SetSysClockTo72                          0x08001b51   Thumb Code   146  system_stm32f10x.o(.text)
    SetSysClock                              0x08001be3   Thumb Code     2  system_stm32f10x.o(.text)
    .text                                    0x08001c38   Section        0  uldiv.o(.text)
    .text                                    0x08001c9c   Section       36  init.o(.text)
    .text                                    0x08001cc0   Section        0  llshl.o(.text)
    .text                                    0x08001cde   Section        0  llushr.o(.text)
    i.__0printf$5                            0x08001d00   Section        0  printf5.o(i.__0printf$5)
    i.__scatterload_copy                     0x08001d20   Section       14  handlers.o(i.__scatterload_copy)
    i.__scatterload_null                     0x08001d2e   Section        2  handlers.o(i.__scatterload_null)
    i.__scatterload_zeroinit                 0x08001d30   Section       14  handlers.o(i.__scatterload_zeroinit)
    i._printf_core                           0x08001d40   Section        0  printf5.o(i._printf_core)
    _printf_core                             0x08001d41   Thumb Code   676  printf5.o(i._printf_core)
    .constdata                               0x08002010   Section        6  stm32_ub_eeprom.o(.constdata)
    .constdata                               0x08002016   Section        4  stm32_ub_pcf8563.o(.constdata)
    .data                                    0x20000000   Section       20  stm32_ub_led.o(.data)
    .data                                    0x20000014   Section       72  task.o(.data)
    .data                                    0x2000005c   Section       28  stm32_ub_button.o(.data)
    Trg                                      0x2000005c   Data           2  stm32_ub_button.o(.data)
    Cont                                     0x2000005e   Data           2  stm32_ub_button.o(.data)
    cnt_last                                 0x20000060   Data           2  stm32_ub_button.o(.data)
    cnt_puls                                 0x20000062   Data           2  stm32_ub_button.o(.data)
    .data                                    0x20000078   Section        3  stm32_ub_pcf8563.o(.data)
    .data                                    0x2000007c   Section       20  uart1.o(.data)
    .data                                    0x20000090   Section        4  uart1.o(.data)
    .data                                    0x20000094   Section        2  stm32_ub_lcd.o(.data)
    i                                        0x20000094   Data           1  stm32_ub_lcd.o(.data)
    j                                        0x20000095   Data           1  stm32_ub_lcd.o(.data)
    .data                                    0x20000096   Section       13  stm32_ub_menu.o(.data)
    flag_flash                               0x20000096   Data           1  stm32_ub_menu.o(.data)
    numbs                                    0x20000097   Data           1  stm32_ub_menu.o(.data)
    pos                                      0x20000098   Data           1  stm32_ub_menu.o(.data)
    thour                                    0x20000099   Data           1  stm32_ub_menu.o(.data)
    tmin                                     0x2000009a   Data           1  stm32_ub_menu.o(.data)
    isFirstFlag                              0x2000009b   Data           1  stm32_ub_menu.o(.data)
    numbs                                    0x2000009c   Data           1  stm32_ub_menu.o(.data)
    pos                                      0x2000009d   Data           1  stm32_ub_menu.o(.data)
    tonHour                                  0x2000009e   Data           1  stm32_ub_menu.o(.data)
    tonMin                                   0x2000009f   Data           1  stm32_ub_menu.o(.data)
    toffHour                                 0x200000a0   Data           1  stm32_ub_menu.o(.data)
    toffMin                                  0x200000a1   Data           1  stm32_ub_menu.o(.data)
    isFirstFlag                              0x200000a2   Data           1  stm32_ub_menu.o(.data)
    .data                                    0x200000a3   Section       20  stm32f10x_rcc.o(.data)
    ADCPrescTable                            0x200000a3   Data           4  stm32f10x_rcc.o(.data)
    APBAHBPrescTable                         0x200000a7   Data          16  stm32f10x_rcc.o(.data)
    .data                                    0x200000b8   Section       20  system_stm32f10x.o(.data)
    .bss                                     0x200000cc   Section       18  stm32_ub_button.o(.bss)
    .bss                                     0x200000de   Section       64  uart1.o(.bss)
    .bss                                     0x2000011e   Section       16  stm32_ub_lcd.o(.bss)
    .bss                                     0x20000130   Section       16  stm32_ub_params.o(.bss)
    STACK                                    0x20000140   Section     1024  startup_stm32f10x_md.o(STACK)

    Global Symbols

    Symbol Name                              Value     Ov Type        Size  Object(Section)

    BuildAttributes$$THM_ISAv4$P$D$K$B$S$PE$A:L22UL41UL21$X:L11$S22US41US21$IEEE1$IW$USESV6$~STKCKD$USESV7$~SHL$OSPACE$ROPI$EBA8$MICROLIB$REQ8$PRES8$EABIv2 0x00000000   Number         0  anon$$obj.o ABSOLUTE
    __ARM_use_no_argv                        0x00000000   Number         0  main.o ABSOLUTE
    __use_no_errno                           0x00000000   Number         0  useno.o ABSOLUTE
    __use_no_exception_handling              0x00000000   Number         0  useno.o ABSOLUTE
    __use_no_fp                              0x00000000   Number         0  useno.o ABSOLUTE
    __use_no_heap                            0x00000000   Number         0  useno.o ABSOLUTE
    __use_no_heap_region                     0x00000000   Number         0  useno.o ABSOLUTE
    __use_no_semihosting                     0x00000000   Number         0  useno.o ABSOLUTE
    __use_no_semihosting_swi                 0x00000000   Number         0  useno.o ABSOLUTE
    __use_no_signal_handling                 0x00000000   Number         0  useno.o ABSOLUTE
    _printf_a                                0x00000000   Number         0  stubs.o ABSOLUTE
    _printf_c                                0x00000000   Number         0  stubs.o ABSOLUTE
    _printf_charcount                        0x00000000   Number         0  stubs.o ABSOLUTE
    _printf_d                                0x00000000   Number         0  stubs.o ABSOLUTE
    _printf_e                                0x00000000   Number         0  stubs.o ABSOLUTE
    _printf_f                                0x00000000   Number         0  stubs.o ABSOLUTE
    _printf_flags                            0x00000000   Number         0  stubs.o ABSOLUTE
    _printf_fp_dec                           0x00000000   Number         0  stubs.o ABSOLUTE
    _printf_fp_hex                           0x00000000   Number         0  stubs.o ABSOLUTE
    _printf_g                                0x00000000   Number         0  stubs.o ABSOLUTE
    _printf_i                                0x00000000   Number         0  stubs.o ABSOLUTE
    _printf_int_dec                          0x00000000   Number         0  stubs.o ABSOLUTE
    _printf_l                                0x00000000   Number         0  stubs.o ABSOLUTE
    _printf_lc                               0x00000000   Number         0  stubs.o ABSOLUTE
    _printf_ll                               0x00000000   Number         0  stubs.o ABSOLUTE
    _printf_lld                              0x00000000   Number         0  stubs.o ABSOLUTE
    _printf_lli                              0x00000000   Number         0  stubs.o ABSOLUTE
    _printf_llo                              0x00000000   Number         0  stubs.o ABSOLUTE
    _printf_llu                              0x00000000   Number         0  stubs.o ABSOLUTE
    _printf_llx                              0x00000000   Number         0  stubs.o ABSOLUTE
    _printf_longlong_dec                     0x00000000   Number         0  stubs.o ABSOLUTE
    _printf_longlong_hex                     0x00000000   Number         0  stubs.o ABSOLUTE
    _printf_longlong_oct                     0x00000000   Number         0  stubs.o ABSOLUTE
    _printf_ls                               0x00000000   Number         0  stubs.o ABSOLUTE
    _printf_mbtowc                           0x00000000   Number         0  stubs.o ABSOLUTE
    _printf_n                                0x00000000   Number         0  stubs.o ABSOLUTE
    _printf_o                                0x00000000   Number         0  stubs.o ABSOLUTE
    _printf_p                                0x00000000   Number         0  stubs.o ABSOLUTE
    _printf_percent                          0x00000000   Number         0  stubs.o ABSOLUTE
    _printf_pre_padding                      0x00000000   Number         0  stubs.o ABSOLUTE
    _printf_return_value                     0x00000000   Number         0  stubs.o ABSOLUTE
    _printf_s                                0x00000000   Number         0  stubs.o ABSOLUTE
    _printf_sizespec                         0x00000000   Number         0  stubs.o ABSOLUTE
    _printf_str                              0x00000000   Number         0  stubs.o ABSOLUTE
    _printf_truncate_signed                  0x00000000   Number         0  stubs.o ABSOLUTE
    _printf_truncate_unsigned                0x00000000   Number         0  stubs.o ABSOLUTE
    _printf_u                                0x00000000   Number         0  stubs.o ABSOLUTE
    _printf_wc                               0x00000000   Number         0  stubs.o ABSOLUTE
    _printf_wctomb                           0x00000000   Number         0  stubs.o ABSOLUTE
    _printf_widthprec                        0x00000000   Number         0  stubs.o ABSOLUTE
    _printf_x                                0x00000000   Number         0  stubs.o ABSOLUTE
    __decompress                              - Undefined Weak Reference
    _clock_init                               - Undefined Weak Reference
    __Vectors_Size                           0x000000ec   Number         0  startup_stm32f10x_md.o ABSOLUTE
    __Vectors                                0x08000000   Data           4  startup_stm32f10x_md.o(RESET)
    __Vectors_End                            0x080000ec   Data           0  startup_stm32f10x_md.o(RESET)
    __main                                   0x080000ed   Thumb Code     0  entry.o(.ARM.Collect$$$$00000000)
    _main_stk                                0x080000ed   Thumb Code     0  entry2.o(.ARM.Collect$$$$00000001)
    _main_scatterload                        0x080000f1   Thumb Code     0  entry5.o(.ARM.Collect$$$$00000004)
    __main_after_scatterload                 0x080000f5   Thumb Code     0  entry5.o(.ARM.Collect$$$$00000004)
    _main_clock                              0x080000f5   Thumb Code     0  entry7b.o(.ARM.Collect$$$$00000008)
    _main_init                               0x080000f5   Thumb Code     0  entry8.o(.ARM.Collect$$$$00000009)
    Reset_Handler                            0x08000101   Thumb Code     8  startup_stm32f10x_md.o(.text)
    ADC1_2_IRQHandler                        0x0800011b   Thumb Code     0  startup_stm32f10x_md.o(.text)
    CAN1_RX1_IRQHandler                      0x0800011b   Thumb Code     0  startup_stm32f10x_md.o(.text)
    CAN1_SCE_IRQHandler                      0x0800011b   Thumb Code     0  startup_stm32f10x_md.o(.text)
    DMA1_Channel1_IRQHandler                 0x0800011b   Thumb Code     0  startup_stm32f10x_md.o(.text)
    DMA1_Channel2_IRQHandler                 0x0800011b   Thumb Code     0  startup_stm32f10x_md.o(.text)
    DMA1_Channel3_IRQHandler                 0x0800011b   Thumb Code     0  startup_stm32f10x_md.o(.text)
    DMA1_Channel4_IRQHandler                 0x0800011b   Thumb Code     0  startup_stm32f10x_md.o(.text)
    DMA1_Channel5_IRQHandler                 0x0800011b   Thumb Code     0  startup_stm32f10x_md.o(.text)
    DMA1_Channel6_IRQHandler                 0x0800011b   Thumb Code     0  startup_stm32f10x_md.o(.text)
    DMA1_Channel7_IRQHandler                 0x0800011b   Thumb Code     0  startup_stm32f10x_md.o(.text)
    EXTI0_IRQHandler                         0x0800011b   Thumb Code     0  startup_stm32f10x_md.o(.text)
    EXTI15_10_IRQHandler                     0x0800011b   Thumb Code     0  startup_stm32f10x_md.o(.text)
    EXTI1_IRQHandler                         0x0800011b   Thumb Code     0  startup_stm32f10x_md.o(.text)
    EXTI2_IRQHandler                         0x0800011b   Thumb Code     0  startup_stm32f10x_md.o(.text)
    EXTI3_IRQHandler                         0x0800011b   Thumb Code     0  startup_stm32f10x_md.o(.text)
    EXTI4_IRQHandler                         0x0800011b   Thumb Code     0  startup_stm32f10x_md.o(.text)
    EXTI9_5_IRQHandler                       0x0800011b   Thumb Code     0  startup_stm32f10x_md.o(.text)
    FLASH_IRQHandler                         0x0800011b   Thumb Code     0  startup_stm32f10x_md.o(.text)
    I2C1_ER_IRQHandler                       0x0800011b   Thumb Code     0  startup_stm32f10x_md.o(.text)
    I2C1_EV_IRQHandler                       0x0800011b   Thumb Code     0  startup_stm32f10x_md.o(.text)
    I2C2_ER_IRQHandler                       0x0800011b   Thumb Code     0  startup_stm32f10x_md.o(.text)
    I2C2_EV_IRQHandler                       0x0800011b   Thumb Code     0  startup_stm32f10x_md.o(.text)
    PVD_IRQHandler                           0x0800011b   Thumb Code     0  startup_stm32f10x_md.o(.text)
    RCC_IRQHandler                           0x0800011b   Thumb Code     0  startup_stm32f10x_md.o(.text)
    RTCAlarm_IRQHandler                      0x0800011b   Thumb Code     0  startup_stm32f10x_md.o(.text)
    RTC_IRQHandler                           0x0800011b   Thumb Code     0  startup_stm32f10x_md.o(.text)
    SPI1_IRQHandler                          0x0800011b   Thumb Code     0  startup_stm32f10x_md.o(.text)
    SPI2_IRQHandler                          0x0800011b   Thumb Code     0  startup_stm32f10x_md.o(.text)
    TAMPER_IRQHandler                        0x0800011b   Thumb Code     0  startup_stm32f10x_md.o(.text)
    TIM1_BRK_IRQHandler                      0x0800011b   Thumb Code     0  startup_stm32f10x_md.o(.text)
    TIM1_CC_IRQHandler                       0x0800011b   Thumb Code     0  startup_stm32f10x_md.o(.text)
    TIM1_TRG_COM_IRQHandler                  0x0800011b   Thumb Code     0  startup_stm32f10x_md.o(.text)
    TIM1_UP_IRQHandler                       0x0800011b   Thumb Code     0  startup_stm32f10x_md.o(.text)
    TIM2_IRQHandler                          0x0800011b   Thumb Code     0  startup_stm32f10x_md.o(.text)
    TIM3_IRQHandler                          0x0800011b   Thumb Code     0  startup_stm32f10x_md.o(.text)
    TIM4_IRQHandler                          0x0800011b   Thumb Code     0  startup_stm32f10x_md.o(.text)
    USART2_IRQHandler                        0x0800011b   Thumb Code     0  startup_stm32f10x_md.o(.text)
    USART3_IRQHandler                        0x0800011b   Thumb Code     0  startup_stm32f10x_md.o(.text)
    USBWakeUp_IRQHandler                     0x0800011b   Thumb Code     0  startup_stm32f10x_md.o(.text)
    USB_HP_CAN1_TX_IRQHandler                0x0800011b   Thumb Code     0  startup_stm32f10x_md.o(.text)
    USB_LP_CAN1_RX0_IRQHandler               0x0800011b   Thumb Code     0  startup_stm32f10x_md.o(.text)
    WWDG_IRQHandler                          0x0800011b   Thumb Code     0  startup_stm32f10x_md.o(.text)
    main                                     0x08000125   Thumb Code    12  main.o(.text)
    UB_Led_On                                0x08000135   Thumb Code    18  stm32_ub_led.o(.text)
    UB_Led_Off                               0x08000147   Thumb Code    18  stm32_ub_led.o(.text)
    UB_LED_Init                              0x08000159   Thumb Code    84  stm32_ub_led.o(.text)
    UB_Led_Toggle                            0x080001ad   Thumb Code    22  stm32_ub_led.o(.text)
    LED1on                                   0x080001c3   Thumb Code     4  stm32_ub_led.o(.text)
    NMI_Handler                              0x080001cd   Thumb Code     2  stm32f10x_it.o(.text)
    HardFault_Handler                        0x080001cf   Thumb Code     2  stm32f10x_it.o(.text)
    MemManage_Handler                        0x080001d1   Thumb Code     2  stm32f10x_it.o(.text)
    BusFault_Handler                         0x080001d3   Thumb Code     2  stm32f10x_it.o(.text)
    UsageFault_Handler                       0x080001d5   Thumb Code     2  stm32f10x_it.o(.text)
    SVC_Handler                              0x080001d7   Thumb Code     2  stm32f10x_it.o(.text)
    DebugMon_Handler                         0x080001d9   Thumb Code     2  stm32f10x_it.o(.text)
    PendSV_Handler                           0x080001db   Thumb Code     2  stm32f10x_it.o(.text)
    SysTick_Handler                          0x080001dd   Thumb Code     6  stm32f10x_it.o(.text)
    TaskInit                                 0x080001e9   Thumb Code    46  task.o(.text)
    TPCRemarks                               0x08000217   Thumb Code    48  task.o(.text)
    TPCProcess                               0x08000247   Thumb Code    50  task.o(.text)
    SystickInit                              0x08000279   Thumb Code    56  tsystick.o(.text)
    KeyBuffInit                              0x080002b9   Thumb Code    10  stm32_ub_button.o(.text)
    KeyPop                                   0x080002c3   Thumb Code    36  stm32_ub_button.o(.text)
    KeyPush                                  0x080002e7   Thumb Code    64  stm32_ub_button.o(.text)
    UB_Button_Init                           0x08000327   Thumb Code    56  stm32_ub_button.o(.text)
    UB_Button_KeyIn                          0x0800035f   Thumb Code   132  stm32_ub_button.o(.text)
    KeyTest                                  0x080003e3   Thumb Code    56  stm32_ub_button.o(.text)
    AT24CXX_WriteBuff                        0x08000471   Thumb Code   204  stm32_ub_eeprom.o(.text)
    AT24CXX_ReadBuffer                       0x0800053d   Thumb Code   202  stm32_ub_eeprom.o(.text)
    AT24CxxTest                              0x08000607   Thumb Code    82  stm32_ub_eeprom.o(.text)
    IIC_Init                                 0x08000681   Thumb Code    76  stm32_ub_iic.o(.text)
    i2c_start                                0x080006db   Thumb Code    68  stm32_ub_iic.o(.text)
    i2c_stop                                 0x0800071f   Thumb Code    40  stm32_ub_iic.o(.text)
    i2c_ack                                  0x08000747   Thumb Code    40  stm32_ub_iic.o(.text)
    i2c_no_ack                               0x0800076f   Thumb Code    40  stm32_ub_iic.o(.text)
    i2c_wait_ack                             0x08000797   Thumb Code    80  stm32_ub_iic.o(.text)
    IIC_SendByte                             0x080007e7   Thumb Code    76  stm32_ub_iic.o(.text)
    IIC_ReadByteAck                          0x08000833   Thumb Code   102  stm32_ub_iic.o(.text)
    I2C_ReadOneByte                          0x08000899   Thumb Code    78  stm32_ub_iic.o(.text)
    IICReadBytes                             0x080008e7   Thumb Code   110  stm32_ub_iic.o(.text)
    IICWriteBytes                            0x08000955   Thumb Code    82  stm32_ub_iic.o(.text)
    IICReadByte                              0x080009a7   Thumb Code    14  stm32_ub_iic.o(.text)
    IICWriteByte                             0x080009b5   Thumb Code    12  stm32_ub_iic.o(.text)
    Pcf8563SetTime                           0x080009d5   Thumb Code    48  stm32_ub_pcf8563.o(.text)
    Pcf8563ReadTime                          0x08000a05   Thumb Code    66  stm32_ub_pcf8563.o(.text)
    Pcf8536RT                                0x08000a47   Thumb Code    32  stm32_ub_pcf8563.o(.text)
    PCF8563Init                              0x08000a67   Thumb Code    80  stm32_ub_pcf8563.o(.text)
    fputc                                    0x08000ae9   Thumb Code    18  uart1.o(.text)
    UART1_Init                               0x08000afb   Thumb Code   202  uart1.o(.text)
    UartBuf_WD                               0x08000bc5   Thumb Code    18  uart1.o(.text)
    UartBuf_RD                               0x08000bd7   Thumb Code    20  uart1.o(.text)
    UartBuf_Cnt                              0x08000beb   Thumb Code    22  uart1.o(.text)
    USART1_IRQHandler                        0x08000c01   Thumb Code   106  uart1.o(.text)
    lcdportInit                              0x08000c9f   Thumb Code    96  stm32_ub_lcd.o(.text)
    lcd_send_command                         0x08000cff   Thumb Code   160  stm32_ub_lcd.o(.text)
    lcd_flood_data                           0x08000d9f   Thumb Code   216  stm32_ub_lcd.o(.text)
    Lcd1621Init                              0x08000e77   Thumb Code    34  stm32_ub_lcd.o(.text)
    lcd_wr_num                               0x08000e99   Thumb Code  1380  stm32_ub_lcd.o(.text)
    lcd1621test                              0x080013fd   Thumb Code    56  stm32_ub_lcd.o(.text)
    fClockOn                                 0x08001439   Thumb Code    64  stm32_ub_menu.o(.text)
    ClockFlash                               0x08001479   Thumb Code    72  stm32_ub_menu.o(.text)
    subHourMin                               0x080014c1   Thumb Code    22  stm32_ub_menu.o(.text)
    addHourMin                               0x080014d7   Thumb Code    22  stm32_ub_menu.o(.text)
    MenuSetTime                              0x080014ed   Thumb Code   236  stm32_ub_menu.o(.text)
    MenuSetClock                             0x080015d9   Thumb Code   168  stm32_ub_menu.o(.text)
    MenuOnStatus                             0x08001681   Thumb Code    40  stm32_ub_menu.o(.text)
    MenuLcd                                  0x080016a9   Thumb Code     6  stm32_ub_menu.o(.text)
    MenuParaInit                             0x080016bd   Thumb Code    40  stm32_ub_params.o(.text)
    RCC_GetClocksFreq                        0x080016ed   Thumb Code   152  stm32f10x_rcc.o(.text)
    RCC_APB2PeriphClockCmd                   0x08001785   Thumb Code    20  stm32f10x_rcc.o(.text)
    RCC_APB2PeriphResetCmd                   0x08001799   Thumb Code    20  stm32f10x_rcc.o(.text)
    RCC_APB1PeriphResetCmd                   0x080017ad   Thumb Code    20  stm32f10x_rcc.o(.text)
    GPIO_Init                                0x080017d1   Thumb Code   166  stm32f10x_gpio.o(.text)
    GPIO_ReadInputData                       0x08001877   Thumb Code     6  stm32f10x_gpio.o(.text)
    GPIO_PinRemapConfig                      0x0800187d   Thumb Code    86  stm32f10x_gpio.o(.text)
    NVIC_PriorityGroupConfig                 0x080018d9   Thumb Code    10  misc.o(.text)
    NVIC_Init                                0x080018e3   Thumb Code    90  misc.o(.text)
    USART_DeInit                             0x08001949   Thumb Code   144  stm32f10x_usart.o(.text)
    USART_Init                               0x080019d9   Thumb Code   184  stm32f10x_usart.o(.text)
    USART_Cmd                                0x08001a91   Thumb Code    22  stm32f10x_usart.o(.text)
    USART_ITConfig                           0x08001aa7   Thumb Code    54  stm32f10x_usart.o(.text)
    USART_SendData                           0x08001add   Thumb Code     8  stm32f10x_usart.o(.text)
    USART_ReceiveData                        0x08001ae5   Thumb Code     8  stm32f10x_usart.o(.text)
    USART_GetITStatus                        0x08001aed   Thumb Code    64  stm32f10x_usart.o(.text)
    USART_ClearITPendingBit                  0x08001b2d   Thumb Code    16  stm32f10x_usart.o(.text)
    SystemInit                               0x08001be5   Thumb Code    64  system_stm32f10x.o(.text)
    __aeabi_uldivmod                         0x08001c39   Thumb Code    98  uldiv.o(.text)
    __scatterload                            0x08001c9d   Thumb Code    28  init.o(.text)
    __scatterload_rt2                        0x08001c9d   Thumb Code     0  init.o(.text)
    __aeabi_llsl                             0x08001cc1   Thumb Code    30  llshl.o(.text)
    _ll_shift_l                              0x08001cc1   Thumb Code     0  llshl.o(.text)
    __aeabi_llsr                             0x08001cdf   Thumb Code    32  llushr.o(.text)
    _ll_ushift_r                             0x08001cdf   Thumb Code     0  llushr.o(.text)
    __0printf$5                              0x08001d01   Thumb Code    22  printf5.o(i.__0printf$5)
    __1printf$5                              0x08001d01   Thumb Code     0  printf5.o(i.__0printf$5)
    __2printf                                0x08001d01   Thumb Code     0  printf5.o(i.__0printf$5)
    __scatterload_copy                       0x08001d21   Thumb Code    14  handlers.o(i.__scatterload_copy)
    __scatterload_null                       0x08001d2f   Thumb Code     2  handlers.o(i.__scatterload_null)
    __scatterload_zeroinit                   0x08001d31   Thumb Code    14  handlers.o(i.__scatterload_zeroinit)
    C8563store                               0x08002016   Data           4  stm32_ub_pcf8563.o(.constdata)
    Region$$Table$$Base                      0x0800201c   Number         0  anon$$obj.o(Region$$Table)
    Region$$Table$$Limit                     0x0800203c   Number         0  anon$$obj.o(Region$$Table)
    LED                                      0x20000000   Data          20  stm32_ub_led.o(.data)
    TaskComps                                0x20000014   Data          72  task.o(.data)
    BUTTON                                   0x20000064   Data          20  stm32_ub_button.o(.data)
    g853                                     0x20000078   Data           3  stm32_ub_pcf8563.o(.data)
    UdataTemp                                0x2000007c   Data           1  uart1.o(.data)
    UartTxbuf                                0x20000080   Data           8  uart1.o(.data)
    UartRxbuf                                0x20000088   Data           8  uart1.o(.data)
    __stdout                                 0x20000090   Data           4  uart1.o(.data)
    SystemCoreClock                          0x200000b8   Data           4  system_stm32f10x.o(.data)
    AHBPrescTable                            0x200000bc   Data          16  system_stm32f10x.o(.data)
    key                                      0x200000cc   Data          18  stm32_ub_button.o(.bss)
    rx_buffer                                0x200000de   Data          32  uart1.o(.bss)
    tx_buffer                                0x200000fe   Data          32  uart1.o(.bss)
    lcd_buffer                               0x2000011e   Data          16  stm32_ub_lcd.o(.bss)
    MenuParam                                0x20000130   Data          16  stm32_ub_params.o(.bss)
    __initial_sp                             0x20000540   Data           0  startup_stm32f10x_md.o(STACK)



==============================================================================

Memory Map of the image

  Image Entry point : 0x080000ed

  Load Region LR_IROM1 (Base: 0x08000000, Size: 0x00002108, Max: 0x00010000, ABSOLUTE)

    Execution Region ER_IROM1 (Base: 0x08000000, Size: 0x0000203c, Max: 0x00010000, ABSOLUTE)

    Base Addr    Size         Type   Attr      Idx    E Section Name        Object

    0x08000000   0x000000ec   Data   RO            3    RESET               startup_stm32f10x_md.o
    0x080000ec   0x00000000   Code   RO         2099  * .ARM.Collect$$$$00000000  mc_w.l(entry.o)
    0x080000ec   0x00000004   Code   RO         2363    .ARM.Collect$$$$00000001  mc_w.l(entry2.o)
    0x080000f0   0x00000004   Code   RO         2366    .ARM.Collect$$$$00000004  mc_w.l(entry5.o)
    0x080000f4   0x00000000   Code   RO         2368    .ARM.Collect$$$$00000008  mc_w.l(entry7b.o)
    0x080000f4   0x00000008   Code   RO         2369    .ARM.Collect$$$$00000009  mc_w.l(entry8.o)
    0x080000fc   0x00000004   Code   RO         2364    .ARM.Collect$$$$00002712  mc_w.l(entry2.o)
    0x08000100   0x00000024   Code   RO            4    .text               startup_stm32f10x_md.o
    0x08000124   0x00000010   Code   RO           10    .text               main.o
    0x08000134   0x00000098   Code   RO          122    .text               stm32_ub_led.o
    0x080001cc   0x0000001c   Code   RO          143    .text               stm32f10x_it.o
    0x080001e8   0x00000090   Code   RO          155    .text               task.o
    0x08000278   0x00000040   Code   RO          173    .text               tsystick.o
    0x080002b8   0x000001b8   Code   RO          195    .text               stm32_ub_button.o
    0x08000470   0x00000210   Code   RO          211    .text               stm32_ub_eeprom.o
    0x08000680   0x00000354   Code   RO          224    .text               stm32_ub_iic.o
    0x080009d4   0x00000114   Code   RO          236    .text               stm32_ub_pcf8563.o
    0x08000ae8   0x000001a8   Code   RO          253    .text               uart1.o
    0x08000c90   0x000007a8   Code   RO          303    .text               stm32_ub_lcd.o
    0x08001438   0x00000284   Code   RO          338    .text               stm32_ub_menu.o
    0x080016bc   0x00000030   Code   RO          351    .text               stm32_ub_params.o
    0x080016ec   0x000000e4   Code   RO          389    .text               stm32f10x_rcc.o
    0x080017d0   0x00000108   Code   RO          553    .text               stm32f10x_gpio.o
    0x080018d8   0x00000070   Code   RO          653    .text               misc.o
    0x08001948   0x00000208   Code   RO         1031    .text               stm32f10x_usart.o
    0x08001b50   0x000000e8   Code   RO         2075    .text               system_stm32f10x.o
    0x08001c38   0x00000062   Code   RO         2372    .text               mc_w.l(uldiv.o)
    0x08001c9a   0x00000002   PAD
    0x08001c9c   0x00000024   Code   RO         2385    .text               mc_w.l(init.o)
    0x08001cc0   0x0000001e   Code   RO         2387    .text               mc_w.l(llshl.o)
    0x08001cde   0x00000020   Code   RO         2389    .text               mc_w.l(llushr.o)
    0x08001cfe   0x00000002   PAD
    0x08001d00   0x00000020   Code   RO         2235    i.__0printf$5       mc_w.l(printf5.o)
    0x08001d20   0x0000000e   Code   RO         2397    i.__scatterload_copy  mc_w.l(handlers.o)
    0x08001d2e   0x00000002   Code   RO         2398    i.__scatterload_null  mc_w.l(handlers.o)
    0x08001d30   0x0000000e   Code   RO         2399    i.__scatterload_zeroinit  mc_w.l(handlers.o)
    0x08001d3e   0x00000002   PAD
    0x08001d40   0x000002d0   Code   RO         2242    i._printf_core      mc_w.l(printf5.o)
    0x08002010   0x00000006   Data   RO          212    .constdata          stm32_ub_eeprom.o
    0x08002016   0x00000004   Data   RO          237    .constdata          stm32_ub_pcf8563.o
    0x0800201a   0x00000002   PAD
    0x0800201c   0x00000020   Data   RO         2395    Region$$Table       anon$$obj.o


    Execution Region RW_IRAM1 (Base: 0x20000000, Size: 0x00000540, Max: 0x00005000, ABSOLUTE)

    Base Addr    Size         Type   Attr      Idx    E Section Name        Object

    0x20000000   0x00000014   Data   RW          124    .data               stm32_ub_led.o
    0x20000014   0x00000048   Data   RW          156    .data               task.o
    0x2000005c   0x0000001c   Data   RW          197    .data               stm32_ub_button.o
    0x20000078   0x00000003   Data   RW          238    .data               stm32_ub_pcf8563.o
    0x2000007b   0x00000001   PAD
    0x2000007c   0x00000014   Data   RW          259    .data               uart1.o
    0x20000090   0x00000004   Data   RW          260    .data               uart1.o
    0x20000094   0x00000002   Data   RW          309    .data               stm32_ub_lcd.o
    0x20000096   0x0000000d   Data   RW          339    .data               stm32_ub_menu.o
    0x200000a3   0x00000014   Data   RW          398    .data               stm32f10x_rcc.o
    0x200000b7   0x00000001   PAD
    0x200000b8   0x00000014   Data   RW         2077    .data               system_stm32f10x.o
    0x200000cc   0x00000012   Zero   RW          196    .bss                stm32_ub_button.o
    0x200000de   0x00000040   Zero   RW          258    .bss                uart1.o
    0x2000011e   0x00000010   Zero   RW          307    .bss                stm32_ub_lcd.o
    0x2000012e   0x00000002   PAD
    0x20000130   0x00000010   Zero   RW          352    .bss                stm32_ub_params.o
    0x20000140   0x00000400   Zero   RW            1    STACK               startup_stm32f10x_md.o


==============================================================================

Image component sizes


      Code (inc. data)   RO Data    RW Data    ZI Data      Debug   Object Name

        16          4          0          0          0     232819   main.o
       112         12          0          0          0       1097   misc.o
        36          8        236          0       1024        764   startup_stm32f10x_md.o
       440         86          0         28         18       2165   stm32_ub_button.o
       528         40          6          0          0       2387   stm32_ub_eeprom.o
       852         20          0          0          0       4291   stm32_ub_iic.o
      1960        146          0          2         16       4485   stm32_ub_lcd.o
       152          6          0         20          0       1386   stm32_ub_led.o
       644         14          0         13          0       2890   stm32_ub_menu.o
        48          8          0          0         16       1079   stm32_ub_params.o
       276         50          4          3          0       1617   stm32_ub_pcf8563.o
       264          6          0          0          0       2515   stm32f10x_gpio.o
        28          6          0          0          0       1158   stm32f10x_it.o
       228         16          0         20          0       3869   stm32f10x_rcc.o
       520         20          0          0          0       4654   stm32f10x_usart.o
       232         20          0         20          0       1301   system_stm32f10x.o
       144          0          0         72          0       1609   task.o
        64          8          0          0          0      15469   tsystick.o
       424         38          0         24         64       3247   uart1.o

    ----------------------------------------------------------------------
      6968        508        280        204       1140     288802   Object Totals
         0          0         32          0          0          0   (incl. Generated)
         0          0          2          2          2          0   (incl. Padding)

    ----------------------------------------------------------------------

      Code (inc. data)   RO Data    RW Data    ZI Data      Debug   Library Member Name

         0          0          0          0          0          0   entry.o
         8          4          0          0          0          0   entry2.o
         4          0          0          0          0          0   entry5.o
         0          0          0          0          0          0   entry7b.o
         8          4          0          0          0          0   entry8.o
        30          0          0          0          0          0   handlers.o
        36          8          0          0          0         68   init.o
        30          0          0          0          0         68   llshl.o
        32          0          0          0          0         68   llushr.o
       752         54          0          0          0        184   printf5.o
        98          0          0          0          0         92   uldiv.o

    ----------------------------------------------------------------------
      1004         70          0          0          0        480   Library Totals
         6          0          0          0          0          0   (incl. Padding)

    ----------------------------------------------------------------------

      Code (inc. data)   RO Data    RW Data    ZI Data      Debug   Library Name

       998         70          0          0          0        480   mc_w.l

    ----------------------------------------------------------------------
      1004         70          0          0          0        480   Library Totals

    ----------------------------------------------------------------------

==============================================================================


      Code (inc. data)   RO Data    RW Data    ZI Data      Debug   

      7972        578        280        204       1140     287670   Grand Totals
      7972        578        280        204       1140     287670   ELF Image Totals
      7972        578        280        204          0          0   ROM Totals

==============================================================================

    Total RO  Size (Code + RO Data)                 8252 (   8.06kB)
    Total RW  Size (RW Data + ZI Data)              1344 (   1.31kB)
    Total ROM Size (Code + RO Data + RW Data)       8456 (   8.26kB)

==============================================================================

